// Jest Snapshot v1, https://goo.gl/fbAQLP

exports[`default 1`] = `
<input
  className="base"
/>
`;

exports[`with custom css class 1`] = `
<input
  className="base test"
/>
`;
